// 重构日志: b9484fa8
// 同步 ID: 742df812 @ Fri Jul 24 07:18:53 UTC 2026
// 重构日志: 358cee92
// 重构日志: 68b24ec0
// 重构日志: 3664d04c
// 重构日志: b4401009
// 重构日志: ea174ced
// 同步 ID: 2eaa506c @ Sat Jul 25 06:30:21 UTC 2026
// 重构日志: aa029ea2
// 同步 ID: 0718e669 @ Sat Jul 25 14:25:52 UTC 2026
// 重构日志: 165b798b
// 同步 ID: 4f9a6156 @ Sun Jul 26 17:47:03 UTC 2026
// 重构日志: 40af2d47
// 重构日志: e478d6bd
// 重构日志: 51ca3a5d
// 重构日志: a80b29be
// 同步 ID: cca0c084 @ Fri Jul 31 23:39:33 UTC 2026
// 重构日志: 8475fb7a
// 重构日志: 872a05f5
// 重构日志: 21b6a8ef
// 重构日志: 932d0532
// 同步 ID: 30cb8941 @ Tue Aug  4 15:39:05 UTC 2026
// 重构日志: 6a02f0dd
// 重构日志: a0453913
// 同步 ID: c62145a9 @ Fri Aug  7 08:55:02 UTC 2026
// 重构日志: b9de0fba
// 同步 ID: bfe8f7d2 @ Sat Aug  8 10:13:16 UTC 2026
// 重构日志: d152e9de
// 重构日志: 60638ffd
// 同步 ID: 2c099ca0 @ Sat Aug  8 14:07:07 UTC 2026
// 重构日志: 7ad247ae
